[backblue.gif]
[fade.gif]
[index.html]
[localhost_3001/assets/vendor/modernizr7e76.js]
[localhost_3001/assets/options1.png]
[localhost_3001/assets/options2.png]
[localhost_3001/assets/options3.png]
[localhost_3001/assets/options4.png]
[localhost_3001/assets/basket.png]
[localhost_3001/assets/pre_h1.png]
[localhost_3001/assets/menu_img_1.png]
[localhost_3001/assets/menu_img_2.png]
[localhost_3001/assets/menu_img_3.png]
[localhost_3001/assets/menu_img_4.png]
[localhost_3001/assets/menu_img_5.png]
[localhost_3001/assets/menu_img_6.png]
[localhost_3001/assets/menu_img_7.png]
[localhost_3001/assets/menu_img_8.png]
[localhost_3001/assets/menu_img_9.png]
[localhost_3001/assets/slider_img_1.png]
[localhost_3001/assets/slider_img_2.png]
[localhost_3001/assets/slider_img_3.png]
[localhost_3001/assets/slider_img_4.png]
[localhost_3001/assets/publicite.png]
[localhost_3001/assets/footer.png]
[localhost_3001/assets/jquery7e76.js]
[localhost_3001/assets/jquery_ujs7e76.js]
[localhost_3001/assets/foundation/foundation7e76.js]
[localhost_3001/assets/foundation/foundation.abide7e76.js]
[localhost_3001/assets/foundation/foundation.accordion7e76.js]
[localhost_3001/assets/foundation/foundation.alert7e76.js]
[localhost_3001/assets/foundation/foundation.clearing7e76.js]
[localhost_3001/assets/foundation/foundation.dropdown7e76.js]
[localhost_3001/assets/foundation/foundation.interchange7e76.js]
[localhost_3001/assets/foundation/foundation.joyride7e76.js]
[localhost_3001/assets/foundation/foundation.magellan7e76.js]
[localhost_3001/assets/foundation/foundation.offcanvas7e76.js]
[localhost_3001/assets/foundation/foundation.orbit7e76.js]
[localhost_3001/assets/foundation/foundation.reveal7e76.js]
[localhost_3001/assets/foundation/foundation.tab7e76.js]
[localhost_3001/assets/foundation/foundation.tooltip7e76.js]
[localhost_3001/assets/foundation/foundation.topbar7e76.js]
[localhost_3001/assets/foundation7e76.js]
[localhost_3001/assets/turbolinks7e76.js]
[localhost_3001/assets/home7e76.js]
[localhost_3001/assets/application7e76.js]
[localhost_3001/index.html]
[localhost_3001/assets/century_gothic.ttf]
[localhost_3001/assets/application7e76.css]
