[backblue.gif]
[fade.gif]
[index.html]
[localhost_3003/assets/jquery7e76.js]
[localhost_3003/assets/jquery_ujs7e76.js]
[localhost_3003/assets/accueils7e76.js]
[localhost_3003/assets/agencies7e76.js]
[localhost_3003/assets/contact7e76.js]
[localhost_3003/assets/documentations7e76.js]
[localhost_3003/assets/laws7e76.js]
[localhost_3003/assets/pages7e76.js]
[localhost_3003/assets/projects7e76.js]
[localhost_3003/assets/services7e76.js]
[localhost_3003/assets/site7e76.js]
[localhost_3003/assets/sitemap7e76.js]
[localhost_3003/assets/themes7e76.js]
[localhost_3003/assets/application7e76.js]
[localhost_3003/ex_1.png]
[localhost_3003/ex_2.png]
[localhost_3003/assets/reseauxsociaux_fb.jpg]
[plus.google.com/getstarted.388711.delayed]
[localhost_3003/assets/reseauxsociaux_gp.jpg]
[encrypted-tbn3.gstatic.com/imagesd761.jpg]
[localhost_3003/assets/reseauxsociaux_rss.jpg]
[localhost_3003/index.html]
[localhost_3003/assets/application7e76.css]
[localhost_3003/assets/core/core7e76.css]
[localhost_3003/assets/footer/footer7e76.css]
[localhost_3003/assets/banniere.jpg]
[localhost_3003/assets/header/header7e76.css]
[localhost_3003/assets/menu/menu7e76.css]
[localhost_3003/assets/multi-displaying/wrapping7e76.css]
[localhost_3003/assets/page/accueils7e76.css]
[localhost_3003/assets/page/agencies7e76.css]
[localhost_3003/assets/page/contact7e76.css]
[localhost_3003/assets/page/documentations7e76.css]
[localhost_3003/assets/page/projects7e76.css]
[localhost_3003/assets/page/services7e76.css]
[localhost_3003/assets/page/show_standart7e76.css]
[localhost_3003/assets/page/sitemap7e76.css]
[localhost_3003/assets/centurygothic.ttf]
[accounts.google.com/ServiceLogin66e8.html]
[localhost_3003/assets/pages7e76.css]
[localhost_3003/assets/sidebar/sidebar7e76.css]
[localhost_3003/assets/themes/themes7e76.css]
[localhost_3003/agency.html]
[localhost_3003/agency/intro.html]
[localhost_3003/agency/creation.html]
[localhost_3003/agency/fct.html]
[localhost_3003/agency/mission.html]
[localhost_3003/services.html]
[localhost_3003/services/aut_clm.html]
[localhost_3003/projects.html]
[localhost_3003/projects/plan_strat.html]
[localhost_3003/documentations.html]
[localhost_3003/documentations/doc_for_ndr.html]
[localhost_3003/documentations/hrp_habitation.html]
[localhost_3003/documentations/morcellement.html]
[localhost_3003/documentations/lotissement.html]
[localhost_3003/documentations/ndr.html]
[localhost_3003/documentations/recap.html]
[localhost_3003/documentations/derogation.html]
[localhost_3003/documentations/faq.html]
[localhost_3003/documentations/laws.html]
[localhost_3003/documentations/plan.html]
[localhost_3003/sitemap.html]
[localhost_3003/contact.html]
[accounts.google.com/RecoverAccount.45e748.delayed]
[accounts.google.com/SignUpe748.html]
[accounts.google.com/TOS.47e1e2.delayed]
[accounts.google.com/ServiceLogin66e8.html]
[localhost_3003/documentations/plan_de_zonage.html]
[localhost_3003/documentations/plan_amenagement.html]
[localhost_3003/documentations/plan_de_dev.html]
[localhost_3003/documentations/dahirs.html]
[localhost_3003/documentations/decrets.html]
[localhost_3003/documentations/circulaires.html]
[accounts.google.com/RecoverAccount.49a5c7.delayed]
[accounts.google.com/ServiceLogin5a35.html]
[accounts.google.com/TOS.4bd4d2.delayed]
[accounts.google.com/POST.4d.delayed]
[accounts.google.com/GET.4e.delayed]
[accounts.google.com/SignUpe748.html]
[www.facebook.com/index.html]
[accounts.google.com/ServiceLogin5a35.html]
[accounts.google.com/POST.html]
[accounts.google.com/GET.html]
