[backblue.gif]
[fade.gif]
[index.html]
[localhost_3002/assets/vendor/modernizr7e76.js]
[localhost_3002/assets/index/mini-1.png]
[localhost_3002/assets/index/mini-2.png]
[localhost_3002/assets/index/mini-3.png]
[localhost_3002/assets/index/mini-4.png]
[localhost_3002/assets/index/mini-5.png]
[localhost_3002/assets/index/mini-6.png]
[localhost_3002/assets/index/mini-7.png]
[localhost_3002/assets/index/mini-8.png]
[localhost_3002/assets/index/mini-9.png]
[localhost_3002/assets/index/mini-10.png]
[localhost_3002/assets/index/mini-11.png]
[localhost_3002/assets/jquery/jquery7e76.js]
[localhost_3002/assets/jquery_ujs7e76.js]
[localhost_3002/assets/foundation/foundation7e76.js]
[localhost_3002/assets/foundation/foundation.abide7e76.js]
[localhost_3002/assets/foundation/foundation.accordion7e76.js]
[localhost_3002/assets/foundation/foundation.alert7e76.js]
[localhost_3002/assets/foundation/foundation.clearing7e76.js]
[localhost_3002/assets/foundation/foundation.dropdown7e76.js]
[localhost_3002/assets/foundation/foundation.interchange7e76.js]
[localhost_3002/assets/foundation/foundation.joyride7e76.js]
[localhost_3002/assets/foundation/foundation.magellan7e76.js]
[localhost_3002/assets/foundation/foundation.offcanvas7e76.js]
[localhost_3002/assets/foundation/foundation.orbit7e76.js]
[localhost_3002/assets/foundation/foundation.reveal7e76.js]
[localhost_3002/assets/foundation/foundation.slider7e76.js]
[localhost_3002/assets/foundation/foundation.tab7e76.js]
[localhost_3002/assets/foundation/foundation.tooltip7e76.js]
[localhost_3002/assets/foundation/foundation.topbar7e76.js]
[localhost_3002/assets/foundation/foundation.equalizer7e76.js]
[localhost_3002/assets/foundation7e76.js]
[localhost_3002/assets/handlebars7e76.js]
[localhost_3002/assets/slick7e76.js]
[localhost_3002/assets/handlebars.runtime7e76.js]
[localhost_3002/assets/random_img_for_ex7e76.js]
[localhost_3002/assets/tab_widget7e76.js]
[localhost_3002/assets/smart_widget7e76.js]
[localhost_3002/assets/ticker7e76.js]
[localhost_3002/assets/multi_display7e76.js]
[localhost_3002/assets/img_slider7e76.js]
[localhost_3002/assets/templates/main/tab17e76.js]
[localhost_3002/assets/templates/main/tab27e76.js]
[localhost_3002/assets/templates/main/tab37e76.js]
[localhost_3002/assets/application7e76.js]
[localhost_3002/index.html]
[localhost_3002/assets/century_gothic.ttf]
[localhost_3002/assets/fontawesome-webfont.eot]
[localhost_3002/assets/fontawesome-webfontd41d.eot]
[localhost_3002/assets/fontawesome-webfont.woff]
[localhost_3002/assets/fontawesome-webfont.ttf]
[localhost_3002/assets/ajax-loader.gif]
[localhost_3002/assets/slick.eot]
[localhost_3002/assets/slickd41d.eot]
[localhost_3002/assets/slick.woff]
[localhost_3002/assets/slick.ttf]
[localhost_3002/assets/application7e76.css]
[localhost_3002/example/main_menu.html]
[localhost_3002/info/main_menu.html]
[localhost_3002/example/slider.html]
[localhost_3002/info/slider.html]
[localhost_3002/example/smart_widget.html]
[localhost_3002/info/smart_widget.html]
[localhost_3002/example/tab_widget.html]
[localhost_3002/info/tab_widget.html]
[localhost_3002/example/p_product.html]
[localhost_3002/info/p_product.html]
[localhost_3002/example/img_slider.html]
[localhost_3002/info/img_slider.html]
[localhost_3002/example/fichette.html]
[localhost_3002/info/fichette.html]
[localhost_3002/example/product_grid.html]
[localhost_3002/info/product_grid.html]
[localhost_3002/example/img_placeholder.html]
[localhost_3002/info/img_placeholder.html]
[localhost_3002/example/ticker.html]
[localhost_3002/info/ticker.html]
[localhost_3002/example/product_grid_2.html]
[localhost_3002/info/product_grid_2.html]
[localhost_3002/assets/jquery7e76.js]
[localhost_3002/assets/fontawesome-webfont.svg]
[localhost_3002/assets/slick.svg]
